[INFO] Scanning for projects...
[INFO] 
[INFO] ----------------< org.trostheide:watercolor-processor >-----------------
[INFO] Building Watercolor Processor 1.0-SNAPSHOT
[INFO]   from pom.xml
[INFO] --------------------------------[ jar ]---------------------------------
[INFO] 
[INFO] --- clean:3.2.0:clean (default-clean) @ watercolor-processor ---
[INFO] Deleting C:\Users\Uwe\Source\SVG2WaterColor\target
[INFO] 
[INFO] --- resources:3.3.1:resources (default-resources) @ watercolor-processor ---
[INFO] skip non existing resourceDirectory C:\Users\Uwe\Source\SVG2WaterColor\src\main\resources
[INFO] 
[INFO] --- compiler:3.11.0:compile (default-compile) @ watercolor-processor ---
[INFO] Changes detected - recompiling the module! :source
[INFO] Compiling 18 source files with javac [debug target 17] to target\classes
[INFO] ------------------------------------------------------------------------
[INFO] BUILD FAILURE
[INFO] ------------------------------------------------------------------------
[INFO] Total time:  1.118 s
[INFO] Finished at: 2026-01-17T17:16:15+01:00
[INFO] ------------------------------------------------------------------------
[ERROR] Failed to execute goal org.apache.maven.plugins:maven-compiler-plugin:3.11.0:compile (default-compile) on project watercolor-processor: Fatal error compiling: invalid target release: 17 -> [Help 1]
[ERROR] 
[ERROR] To see the full stack trace of the errors, re-run Maven with the -e switch.
[ERROR] Re-run Maven using the -X switch to enable full debug logging.
[ERROR] 
[ERROR] For more information about the errors and possible solutions, please read the following articles:
[ERROR] [Help 1] http://cwiki.apache.org/confluence/display/MAVEN/MojoExecutionException
